Analysis & Synthesis report for processor
Mon Apr 22 17:07:56 2019
Quartus II 64-Bit Version 13.0.1 Build 232 06/12/2013 Service Pack 1 SJ Web Edition


---------------------
; Table of Contents ;
---------------------
  1. Legal Notice
  2. Analysis & Synthesis Summary
  3. Analysis & Synthesis Settings
  4. Parallel Compilation
  5. Analysis & Synthesis Source Files Read
  6. Analysis & Synthesis Resource Usage Summary
  7. Analysis & Synthesis Resource Utilization by Entity
  8. State Machine - |processor|Step
  9. User-Specified and Inferred Latches
 10. Registers Removed During Synthesis
 11. General Register Statistics
 12. Multiplexer Restructuring Statistics (Restructuring Performed)
 13. Parameter Settings for User Entity Instance: registerFile:rf|decoder:dec1
 14. Parameter Settings for User Entity Instance: registerFile:rf|register16bits:register1
 15. Parameter Settings for User Entity Instance: registerFile:rf|register16bits:register2
 16. Parameter Settings for User Entity Instance: registerFile:rf|register16bits:register3
 17. Parameter Settings for User Entity Instance: registerFile:rf|register16bits:register4
 18. Parameter Settings for User Entity Instance: registerFile:rf|register16bits:register5
 19. Parameter Settings for User Entity Instance: registerFile:rf|register16bits:register6
 20. Parameter Settings for User Entity Instance: registerFile:rf|register16bits:register7
 21. Parameter Settings for User Entity Instance: register16bits:regALU
 22. Parameter Settings for User Entity Instance: register16bits:RegInstruction
 23. Parameter Settings for User Entity Instance: register16bits:RegDout
 24. Parameter Settings for User Entity Instance: register16bits_i:RegAddress
 25. Port Connectivity Checks: "register16bits:RegInstruction"
 26. Elapsed Time Per Partition
 27. Analysis & Synthesis Messages



----------------
; Legal Notice ;
----------------
Copyright (C) 1991-2013 Altera Corporation
Your use of Altera Corporation's design tools, logic functions 
and other software and tools, and its AMPP partner logic 
functions, and any output files from any of the foregoing 
(including device programming or simulation files), and any 
associated documentation or information are expressly subject 
to the terms and conditions of the Altera Program License 
Subscription Agreement, Altera MegaCore Function License 
Agreement, or other applicable license agreement, including, 
without limitation, that your use is for the sole purpose of 
programming logic devices manufactured by Altera and sold by 
Altera or its authorized distributors.  Please refer to the 
applicable agreement for further details.



+--------------------------------------------------------------------------------------+
; Analysis & Synthesis Summary                                                         ;
+------------------------------------+-------------------------------------------------+
; Analysis & Synthesis Status        ; Successful - Mon Apr 22 17:07:56 2019           ;
; Quartus II 64-Bit Version          ; 13.0.1 Build 232 06/12/2013 SP 1 SJ Web Edition ;
; Revision Name                      ; processor                                       ;
; Top-level Entity Name              ; processor                                       ;
; Family                             ; Cyclone II                                      ;
; Total logic elements               ; 489                                             ;
;     Total combinational functions  ; 348                                             ;
;     Dedicated logic registers      ; 193                                             ;
; Total registers                    ; 193                                             ;
; Total pins                         ; 51                                              ;
; Total virtual pins                 ; 0                                               ;
; Total memory bits                  ; 0                                               ;
; Embedded Multiplier 9-bit elements ; 0                                               ;
; Total PLLs                         ; 0                                               ;
+------------------------------------+-------------------------------------------------+


+----------------------------------------------------------------------------------------------------------------------+
; Analysis & Synthesis Settings                                                                                        ;
+----------------------------------------------------------------------------+--------------------+--------------------+
; Option                                                                     ; Setting            ; Default Value      ;
+----------------------------------------------------------------------------+--------------------+--------------------+
; Device                                                                     ; EP2C35F672C6       ;                    ;
; Top-level entity name                                                      ; processor          ; processor          ;
; Family name                                                                ; Cyclone II         ; Cyclone IV GX      ;
; Use smart compilation                                                      ; Off                ; Off                ;
; Enable parallel Assembler and TimeQuest Timing Analyzer during compilation ; On                 ; On                 ;
; Enable compact report table                                                ; Off                ; Off                ;
; Restructure Multiplexers                                                   ; Auto               ; Auto               ;
; Create Debugging Nodes for IP Cores                                        ; Off                ; Off                ;
; Preserve fewer node names                                                  ; On                 ; On                 ;
; Disable OpenCore Plus hardware evaluation                                  ; Off                ; Off                ;
; Verilog Version                                                            ; Verilog_2001       ; Verilog_2001       ;
; VHDL Version                                                               ; VHDL_1993          ; VHDL_1993          ;
; State Machine Processing                                                   ; Auto               ; Auto               ;
; Safe State Machine                                                         ; Off                ; Off                ;
; Extract Verilog State Machines                                             ; On                 ; On                 ;
; Extract VHDL State Machines                                                ; On                 ; On                 ;
; Ignore Verilog initial constructs                                          ; Off                ; Off                ;
; Iteration limit for constant Verilog loops                                 ; 5000               ; 5000               ;
; Iteration limit for non-constant Verilog loops                             ; 250                ; 250                ;
; Add Pass-Through Logic to Inferred RAMs                                    ; On                 ; On                 ;
; Infer RAMs from Raw Logic                                                  ; On                 ; On                 ;
; Parallel Synthesis                                                         ; On                 ; On                 ;
; DSP Block Balancing                                                        ; Auto               ; Auto               ;
; NOT Gate Push-Back                                                         ; On                 ; On                 ;
; Power-Up Don't Care                                                        ; On                 ; On                 ;
; Remove Redundant Logic Cells                                               ; Off                ; Off                ;
; Remove Duplicate Registers                                                 ; On                 ; On                 ;
; Ignore CARRY Buffers                                                       ; Off                ; Off                ;
; Ignore CASCADE Buffers                                                     ; Off                ; Off                ;
; Ignore GLOBAL Buffers                                                      ; Off                ; Off                ;
; Ignore ROW GLOBAL Buffers                                                  ; Off                ; Off                ;
; Ignore LCELL Buffers                                                       ; Off                ; Off                ;
; Ignore SOFT Buffers                                                        ; On                 ; On                 ;
; Limit AHDL Integers to 32 Bits                                             ; Off                ; Off                ;
; Optimization Technique                                                     ; Balanced           ; Balanced           ;
; Carry Chain Length                                                         ; 70                 ; 70                 ;
; Auto Carry Chains                                                          ; On                 ; On                 ;
; Auto Open-Drain Pins                                                       ; On                 ; On                 ;
; Perform WYSIWYG Primitive Resynthesis                                      ; Off                ; Off                ;
; Auto ROM Replacement                                                       ; On                 ; On                 ;
; Auto RAM Replacement                                                       ; On                 ; On                 ;
; Auto Shift Register Replacement                                            ; Auto               ; Auto               ;
; Allow Shift Register Merging across Hierarchies                            ; Auto               ; Auto               ;
; Auto Clock Enable Replacement                                              ; On                 ; On                 ;
; Strict RAM Replacement                                                     ; Off                ; Off                ;
; Allow Synchronous Control Signals                                          ; On                 ; On                 ;
; Force Use of Synchronous Clear Signals                                     ; Off                ; Off                ;
; Auto RAM to Logic Cell Conversion                                          ; Off                ; Off                ;
; Auto Resource Sharing                                                      ; Off                ; Off                ;
; Allow Any RAM Size For Recognition                                         ; Off                ; Off                ;
; Allow Any ROM Size For Recognition                                         ; Off                ; Off                ;
; Allow Any Shift Register Size For Recognition                              ; Off                ; Off                ;
; Use LogicLock Constraints during Resource Balancing                        ; On                 ; On                 ;
; Ignore translate_off and synthesis_off directives                          ; Off                ; Off                ;
; Timing-Driven Synthesis                                                    ; Off                ; Off                ;
; Report Parameter Settings                                                  ; On                 ; On                 ;
; Report Source Assignments                                                  ; On                 ; On                 ;
; Report Connectivity Checks                                                 ; On                 ; On                 ;
; Ignore Maximum Fan-Out Assignments                                         ; Off                ; Off                ;
; Synchronization Register Chain Length                                      ; 2                  ; 2                  ;
; PowerPlay Power Optimization                                               ; Normal compilation ; Normal compilation ;
; HDL message level                                                          ; Level2             ; Level2             ;
; Suppress Register Optimization Related Messages                            ; Off                ; Off                ;
; Number of Removed Registers Reported in Synthesis Report                   ; 5000               ; 5000               ;
; Number of Swept Nodes Reported in Synthesis Report                         ; 5000               ; 5000               ;
; Number of Inverted Registers Reported in Synthesis Report                  ; 100                ; 100                ;
; Clock MUX Protection                                                       ; On                 ; On                 ;
; Auto Gated Clock Conversion                                                ; Off                ; Off                ;
; Block Design Naming                                                        ; Auto               ; Auto               ;
; SDC constraint protection                                                  ; Off                ; Off                ;
; Synthesis Effort                                                           ; Auto               ; Auto               ;
; Shift Register Replacement - Allow Asynchronous Clear Signal               ; On                 ; On                 ;
; Pre-Mapping Resynthesis Optimization                                       ; Off                ; Off                ;
; Analysis & Synthesis Message Level                                         ; Medium             ; Medium             ;
; Disable Register Merging Across Hierarchies                                ; Auto               ; Auto               ;
; Resource Aware Inference For Block RAM                                     ; On                 ; On                 ;
; Synthesis Seed                                                             ; 1                  ; 1                  ;
+----------------------------------------------------------------------------+--------------------+--------------------+


Parallel compilation was disabled, but you have multiple processors available. Enable parallel compilation to reduce compilation time.
+-------------------------------------+
; Parallel Compilation                ;
+----------------------------+--------+
; Processors                 ; Number ;
+----------------------------+--------+
; Number detected on machine ; 4      ;
; Maximum allowed            ; 1      ;
+----------------------------+--------+


+-----------------------------------------------------------------------------------------------------------------------------------------------------------+
; Analysis & Synthesis Source Files Read                                                                                                                    ;
+----------------------------------+-----------------+------------------------+-------------------------------------------------------------------+---------+
; File Name with User-Entered Path ; Used in Netlist ; File Type              ; File Name with Absolute Path                                      ; Library ;
+----------------------------------+-----------------+------------------------+-------------------------------------------------------------------+---------+
; processor.v                      ; yes             ; User Verilog HDL File  ; C:/Users/aluno-ccc/Desktop/Pratica2_LAOC2/Processador/processor.v ;         ;
+----------------------------------+-----------------+------------------------+-------------------------------------------------------------------+---------+


+-----------------------------------------------------+
; Analysis & Synthesis Resource Usage Summary         ;
+---------------------------------------------+-------+
; Resource                                    ; Usage ;
+---------------------------------------------+-------+
; Estimated Total logic elements              ; 489   ;
;                                             ;       ;
; Total combinational functions               ; 348   ;
; Logic element usage by number of LUT inputs ;       ;
;     -- 4 input functions                    ; 247   ;
;     -- 3 input functions                    ; 73    ;
;     -- <=2 input functions                  ; 28    ;
;                                             ;       ;
; Logic elements by mode                      ;       ;
;     -- normal mode                          ; 318   ;
;     -- arithmetic mode                      ; 30    ;
;                                             ;       ;
; Total registers                             ; 193   ;
;     -- Dedicated logic registers            ; 193   ;
;     -- I/O registers                        ; 0     ;
;                                             ;       ;
; I/O pins                                    ; 51    ;
; Embedded Multiplier 9-bit elements          ; 0     ;
; Maximum fan-out node                        ; Clock ;
; Maximum fan-out                             ; 193   ;
; Total fan-out                               ; 1902  ;
; Average fan-out                             ; 3.21  ;
+---------------------------------------------+-------+


+---------------------------------------------------------------------------------------------------------------------------------------------------------------------------------------------------------------------+
; Analysis & Synthesis Resource Utilization by Entity                                                                                                                                                                 ;
+------------------------------------+-------------------+--------------+-------------+--------------+---------+-----------+------+--------------+-----------------------------------------------------+--------------+
; Compilation Hierarchy Node         ; LC Combinationals ; LC Registers ; Memory Bits ; DSP Elements ; DSP 9x9 ; DSP 18x18 ; Pins ; Virtual Pins ; Full Hierarchy Name                                 ; Library Name ;
+------------------------------------+-------------------+--------------+-------------+--------------+---------+-----------+------+--------------+-----------------------------------------------------+--------------+
; |processor                         ; 348 (70)          ; 193 (4)      ; 0           ; 0            ; 0       ; 0         ; 51   ; 0            ; |processor                                          ; work         ;
;    |alu:alu1|                      ; 61 (61)           ; 0 (0)        ; 0           ; 0            ; 0       ; 0         ; 0    ; 0            ; |processor|alu:alu1                                 ; work         ;
;    |mux4_1_16bits:mux1|            ; 32 (32)           ; 0 (0)        ; 0           ; 0            ; 0       ; 0         ; 0    ; 0            ; |processor|mux4_1_16bits:mux1                       ; work         ;
;    |register16bits:RegDout|        ; 0 (0)             ; 16 (16)      ; 0           ; 0            ; 0       ; 0         ; 0    ; 0            ; |processor|register16bits:RegDout                   ; work         ;
;    |register16bits:RegInstruction| ; 0 (0)             ; 13 (13)      ; 0           ; 0            ; 0       ; 0         ; 0    ; 0            ; |processor|register16bits:RegInstruction            ; work         ;
;    |register16bits:regALU|         ; 0 (0)             ; 16 (16)      ; 0           ; 0            ; 0       ; 0         ; 0    ; 0            ; |processor|register16bits:regALU                    ; work         ;
;    |register16bits_i:RegAddress|   ; 0 (0)             ; 16 (16)      ; 0           ; 0            ; 0       ; 0         ; 0    ; 0            ; |processor|register16bits_i:RegAddress              ; work         ;
;    |registerFile:rf|               ; 185 (168)         ; 128 (0)      ; 0           ; 0            ; 0       ; 0         ; 0    ; 0            ; |processor|registerFile:rf                          ; work         ;
;       |PC_reg7:PC|                 ; 17 (17)           ; 16 (16)      ; 0           ; 0            ; 0       ; 0         ; 0    ; 0            ; |processor|registerFile:rf|PC_reg7:PC               ; work         ;
;       |register16bits:register1|   ; 0 (0)             ; 16 (16)      ; 0           ; 0            ; 0       ; 0         ; 0    ; 0            ; |processor|registerFile:rf|register16bits:register1 ; work         ;
;       |register16bits:register2|   ; 0 (0)             ; 16 (16)      ; 0           ; 0            ; 0       ; 0         ; 0    ; 0            ; |processor|registerFile:rf|register16bits:register2 ; work         ;
;       |register16bits:register3|   ; 0 (0)             ; 16 (16)      ; 0           ; 0            ; 0       ; 0         ; 0    ; 0            ; |processor|registerFile:rf|register16bits:register3 ; work         ;
;       |register16bits:register4|   ; 0 (0)             ; 16 (16)      ; 0           ; 0            ; 0       ; 0         ; 0    ; 0            ; |processor|registerFile:rf|register16bits:register4 ; work         ;
;       |register16bits:register5|   ; 0 (0)             ; 16 (16)      ; 0           ; 0            ; 0       ; 0         ; 0    ; 0            ; |processor|registerFile:rf|register16bits:register5 ; work         ;
;       |register16bits:register6|   ; 0 (0)             ; 16 (16)      ; 0           ; 0            ; 0       ; 0         ; 0    ; 0            ; |processor|registerFile:rf|register16bits:register6 ; work         ;
;       |register16bits:register7|   ; 0 (0)             ; 16 (16)      ; 0           ; 0            ; 0       ; 0         ; 0    ; 0            ; |processor|registerFile:rf|register16bits:register7 ; work         ;
+------------------------------------+-------------------+--------------+-------------+--------------+---------+-----------+------+--------------+-----------------------------------------------------+--------------+
Note: For table entries with two numbers listed, the numbers in parentheses indicate the number of resources of the given type used by the specific entity alone. The numbers listed outside of parentheses indicate the total resources of the given type used by the specific entity and all of its sub-entities in the hierarchy.


Encoding Type:  One-Hot
+-------------------------------------------------+
; State Machine - |processor|Step                 ;
+---------+---------+---------+---------+---------+
; Name    ; Step.11 ; Step.10 ; Step.01 ; Step.00 ;
+---------+---------+---------+---------+---------+
; Step.00 ; 0       ; 0       ; 0       ; 0       ;
; Step.01 ; 0       ; 0       ; 1       ; 1       ;
; Step.10 ; 0       ; 1       ; 0       ; 1       ;
; Step.11 ; 1       ; 0       ; 0       ; 1       ;
+---------+---------+---------+---------+---------+


+----------------------------------------------------------------------------------------------------+
; User-Specified and Inferred Latches                                                                ;
+-----------------------------------------------------+---------------------+------------------------+
; Latch Name                                          ; Latch Enable Signal ; Free of Timing Hazards ;
+-----------------------------------------------------+---------------------+------------------------+
; W$latch                                             ; Selector5           ; yes                    ;
; controlMux[1]                                       ; Selector9           ; yes                    ;
; ReadAddressRF1[1]                                   ; Selector19          ; yes                    ;
; ReadAddressRF1[0]                                   ; Selector19          ; yes                    ;
; ReadAddressRF1[2]                                   ; Selector19          ; yes                    ;
; controlMux[0]                                       ; Selector7           ; yes                    ;
; ReadAddressRF2[1]                                   ; Selector13          ; yes                    ;
; ReadAddressRF2[0]                                   ; Selector13          ; yes                    ;
; ReadAddressRF2[2]                                   ; Selector13          ; yes                    ;
; writeEnableRegDout                                  ; Selector3           ; yes                    ;
; writeEnableRegAddress                               ; Selector11          ; yes                    ;
; writeEnableRegisterFile                             ; Selector33          ; yes                    ;
; incr_pc                                             ; Selector29          ; yes                    ;
; controlAlu[1]                                       ; controlAlu[1]       ; yes                    ;
; controlAlu[0]                                       ; controlAlu[1]       ; yes                    ;
; writeEnableRegALU                                   ; Selector1           ; yes                    ;
; writeEnableRegInstruction                           ; Selector35          ; yes                    ;
; Number of user-specified and inferred latches = 17  ;                     ;                        ;
+-----------------------------------------------------+---------------------+------------------------+
Note: All latches listed above may not be present at the end of synthesis due to various synthesis optimizations.


+------------------------------------------------------------+
; Registers Removed During Synthesis                         ;
+---------------------------------------+--------------------+
; Register name                         ; Reason for Removal ;
+---------------------------------------+--------------------+
; Step~2                                ; Lost fanout        ;
; Step~3                                ; Lost fanout        ;
; Total Number of Removed Registers = 2 ;                    ;
+---------------------------------------+--------------------+


+------------------------------------------------------+
; General Register Statistics                          ;
+----------------------------------------------+-------+
; Statistic                                    ; Value ;
+----------------------------------------------+-------+
; Total registers                              ; 193   ;
; Number of registers using Synchronous Clear  ; 0     ;
; Number of registers using Synchronous Load   ; 16    ;
; Number of registers using Asynchronous Clear ; 0     ;
; Number of registers using Asynchronous Load  ; 0     ;
; Number of registers using Clock Enable       ; 189   ;
; Number of registers using Preset             ; 0     ;
+----------------------------------------------+-------+


+----------------------------------------------------------------------------------------------------------------------------------------------------------+
; Multiplexer Restructuring Statistics (Restructuring Performed)                                                                                           ;
+--------------------+-----------+---------------+----------------------+------------------------+------------+--------------------------------------------+
; Multiplexer Inputs ; Bus Width ; Baseline Area ; Area if Restructured ; Saving if Restructured ; Registered ; Example Multiplexer Output                 ;
+--------------------+-----------+---------------+----------------------+------------------------+------------+--------------------------------------------+
; 3:1                ; 16 bits   ; 32 LEs        ; 16 LEs               ; 16 LEs                 ; Yes        ; |processor|registerFile:rf|PC_reg7:PC|Q[2] ;
; 4:1                ; 16 bits   ; 32 LEs        ; 32 LEs               ; 0 LEs                  ; Yes        ; |processor|register16bits:regALU|Q[11]     ;
; 4:1                ; 16 bits   ; 32 LEs        ; 32 LEs               ; 0 LEs                  ; No         ; |processor|mux4_1_16bits:mux1|Mux12        ;
; 3:1                ; 3 bits    ; 6 LEs         ; 3 LEs                ; 3 LEs                  ; No         ; |processor|Selector23                      ;
; 8:1                ; 16 bits   ; 80 LEs        ; 80 LEs               ; 0 LEs                  ; No         ; |processor|registerFile:rf|Mux27           ;
; 8:1                ; 16 bits   ; 80 LEs        ; 80 LEs               ; 0 LEs                  ; No         ; |processor|registerFile:rf|Mux0            ;
; 4:1                ; 2 bits    ; 4 LEs         ; 4 LEs                ; 0 LEs                  ; No         ; |processor|Selector35                      ;
; 11:1               ; 3 bits    ; 21 LEs        ; 6 LEs                ; 15 LEs                 ; No         ; |processor|Selector12                      ;
+--------------------+-----------+---------------+----------------------+------------------------+------------+--------------------------------------------+


+---------------------------------------------------------------------------+
; Parameter Settings for User Entity Instance: registerFile:rf|decoder:dec1 ;
+----------------+-------+--------------------------------------------------+
; Parameter Name ; Value ; Type                                             ;
+----------------+-------+--------------------------------------------------+
; N              ; 3     ; Signed Integer                                   ;
+----------------+-------+--------------------------------------------------+
Note: In order to hide this table in the UI and the text report file, please set the "Show Parameter Settings in Synthesis Report" option in "Analysis and Synthesis Settings -> More Settings" to "Off".


+---------------------------------------------------------------------------------------+
; Parameter Settings for User Entity Instance: registerFile:rf|register16bits:register1 ;
+----------------+-------+--------------------------------------------------------------+
; Parameter Name ; Value ; Type                                                         ;
+----------------+-------+--------------------------------------------------------------+
; n              ; 16    ; Signed Integer                                               ;
+----------------+-------+--------------------------------------------------------------+
Note: In order to hide this table in the UI and the text report file, please set the "Show Parameter Settings in Synthesis Report" option in "Analysis and Synthesis Settings -> More Settings" to "Off".


+---------------------------------------------------------------------------------------+
; Parameter Settings for User Entity Instance: registerFile:rf|register16bits:register2 ;
+----------------+-------+--------------------------------------------------------------+
; Parameter Name ; Value ; Type                                                         ;
+----------------+-------+--------------------------------------------------------------+
; n              ; 16    ; Signed Integer                                               ;
+----------------+-------+--------------------------------------------------------------+
Note: In order to hide this table in the UI and the text report file, please set the "Show Parameter Settings in Synthesis Report" option in "Analysis and Synthesis Settings -> More Settings" to "Off".


+---------------------------------------------------------------------------------------+
; Parameter Settings for User Entity Instance: registerFile:rf|register16bits:register3 ;
+----------------+-------+--------------------------------------------------------------+
; Parameter Name ; Value ; Type                                                         ;
+----------------+-------+--------------------------------------------------------------+
; n              ; 16    ; Signed Integer                                               ;
+----------------+-------+--------------------------------------------------------------+
Note: In order to hide this table in the UI and the text report file, please set the "Show Parameter Settings in Synthesis Report" option in "Analysis and Synthesis Settings -> More Settings" to "Off".


+---------------------------------------------------------------------------------------+
; Parameter Settings for User Entity Instance: registerFile:rf|register16bits:register4 ;
+----------------+-------+--------------------------------------------------------------+
; Parameter Name ; Value ; Type                                                         ;
+----------------+-------+--------------------------------------------------------------+
; n              ; 16    ; Signed Integer                                               ;
+----------------+-------+--------------------------------------------------------------+
Note: In order to hide this table in the UI and the text report file, please set the "Show Parameter Settings in Synthesis Report" option in "Analysis and Synthesis Settings -> More Settings" to "Off".


+---------------------------------------------------------------------------------------+
; Parameter Settings for User Entity Instance: registerFile:rf|register16bits:register5 ;
+----------------+-------+--------------------------------------------------------------+
; Parameter Name ; Value ; Type                                                         ;
+----------------+-------+--------------------------------------------------------------+
; n              ; 16    ; Signed Integer                                               ;
+----------------+-------+--------------------------------------------------------------+
Note: In order to hide this table in the UI and the text report file, please set the "Show Parameter Settings in Synthesis Report" option in "Analysis and Synthesis Settings -> More Settings" to "Off".


+---------------------------------------------------------------------------------------+
; Parameter Settings for User Entity Instance: registerFile:rf|register16bits:register6 ;
+----------------+-------+--------------------------------------------------------------+
; Parameter Name ; Value ; Type                                                         ;
+----------------+-------+--------------------------------------------------------------+
; n              ; 16    ; Signed Integer                                               ;
+----------------+-------+--------------------------------------------------------------+
Note: In order to hide this table in the UI and the text report file, please set the "Show Parameter Settings in Synthesis Report" option in "Analysis and Synthesis Settings -> More Settings" to "Off".


+---------------------------------------------------------------------------------------+
; Parameter Settings for User Entity Instance: registerFile:rf|register16bits:register7 ;
+----------------+-------+--------------------------------------------------------------+
; Parameter Name ; Value ; Type                                                         ;
+----------------+-------+--------------------------------------------------------------+
; n              ; 16    ; Signed Integer                                               ;
+----------------+-------+--------------------------------------------------------------+
Note: In order to hide this table in the UI and the text report file, please set the "Show Parameter Settings in Synthesis Report" option in "Analysis and Synthesis Settings -> More Settings" to "Off".


+--------------------------------------------------------------------+
; Parameter Settings for User Entity Instance: register16bits:regALU ;
+----------------+-------+-------------------------------------------+
; Parameter Name ; Value ; Type                                      ;
+----------------+-------+-------------------------------------------+
; n              ; 16    ; Signed Integer                            ;
+----------------+-------+-------------------------------------------+
Note: In order to hide this table in the UI and the text report file, please set the "Show Parameter Settings in Synthesis Report" option in "Analysis and Synthesis Settings -> More Settings" to "Off".


+----------------------------------------------------------------------------+
; Parameter Settings for User Entity Instance: register16bits:RegInstruction ;
+----------------+-------+---------------------------------------------------+
; Parameter Name ; Value ; Type                                              ;
+----------------+-------+---------------------------------------------------+
; n              ; 16    ; Signed Integer                                    ;
+----------------+-------+---------------------------------------------------+
Note: In order to hide this table in the UI and the text report file, please set the "Show Parameter Settings in Synthesis Report" option in "Analysis and Synthesis Settings -> More Settings" to "Off".


+---------------------------------------------------------------------+
; Parameter Settings for User Entity Instance: register16bits:RegDout ;
+----------------+-------+--------------------------------------------+
; Parameter Name ; Value ; Type                                       ;
+----------------+-------+--------------------------------------------+
; n              ; 16    ; Signed Integer                             ;
+----------------+-------+--------------------------------------------+
Note: In order to hide this table in the UI and the text report file, please set the "Show Parameter Settings in Synthesis Report" option in "Analysis and Synthesis Settings -> More Settings" to "Off".


+--------------------------------------------------------------------------+
; Parameter Settings for User Entity Instance: register16bits_i:RegAddress ;
+----------------+-------+-------------------------------------------------+
; Parameter Name ; Value ; Type                                            ;
+----------------+-------+-------------------------------------------------+
; n              ; 16    ; Signed Integer                                  ;
+----------------+-------+-------------------------------------------------+
Note: In order to hide this table in the UI and the text report file, please set the "Show Parameter Settings in Synthesis Report" option in "Analysis and Synthesis Settings -> More Settings" to "Off".


+-------------------------------------------------------------------------------------------------------------------+
; Port Connectivity Checks: "register16bits:RegInstruction"                                                         ;
+---------+--------+----------+-------------------------------------------------------------------------------------+
; Port    ; Type   ; Severity ; Details                                                                             ;
+---------+--------+----------+-------------------------------------------------------------------------------------+
; Q[2..0] ; Output ; Info     ; Connected to dangling logic. Logic that only feeds a dangling port will be removed. ;
+---------+--------+----------+-------------------------------------------------------------------------------------+


+-------------------------------+
; Elapsed Time Per Partition    ;
+----------------+--------------+
; Partition Name ; Elapsed Time ;
+----------------+--------------+
; Top            ; 00:00:01     ;
+----------------+--------------+


+-------------------------------+
; Analysis & Synthesis Messages ;
+-------------------------------+
Info: *******************************************************************
Info: Running Quartus II 64-Bit Analysis & Synthesis
    Info: Version 13.0.1 Build 232 06/12/2013 Service Pack 1 SJ Web Edition
    Info: Processing started: Mon Apr 22 17:07:52 2019
Info: Command: quartus_map --read_settings_files=on --write_settings_files=off PipelineProcessor -c processor
Warning (20028): Parallel compilation is not licensed and has been disabled
Info (12021): Found 1 design units, including 1 entities, in source file system.v
    Info (12023): Found entity 1: system
Info (12021): Found 8 design units, including 8 entities, in source file processor.v
    Info (12023): Found entity 1: processor
    Info (12023): Found entity 2: PC_reg7
    Info (12023): Found entity 3: registerFile
    Info (12023): Found entity 4: decoder
    Info (12023): Found entity 5: mux4_1_16bits
    Info (12023): Found entity 6: register16bits
    Info (12023): Found entity 7: register16bits_i
    Info (12023): Found entity 8: alu
Info (12021): Found 1 design units, including 1 entities, in source file memory_main.v
    Info (12023): Found entity 1: memory_main
Info (12127): Elaborating entity "processor" for the top level hierarchy
Warning (10270): Verilog HDL Case Statement warning at processor.v(116): incomplete case statement has no default case item
Warning (10235): Verilog HDL Always Construct warning at processor.v(250): variable "DataOutRegAlu" is read inside the Always Construct but isn't in the Always Construct's Event Control
Warning (10270): Verilog HDL Case Statement warning at processor.v(227): incomplete case statement has no default case item
Warning (10240): Verilog HDL Always Construct warning at processor.v(97): inferring latch(es) for variable "writeEnableRegInstruction", which holds its previous value in one or more paths through the always construct
Warning (10240): Verilog HDL Always Construct warning at processor.v(97): inferring latch(es) for variable "writeEnableRegisterFile", which holds its previous value in one or more paths through the always construct
Warning (10240): Verilog HDL Always Construct warning at processor.v(97): inferring latch(es) for variable "incr_pc", which holds its previous value in one or more paths through the always construct
Warning (10240): Verilog HDL Always Construct warning at processor.v(97): inferring latch(es) for variable "ReadAddressRF1", which holds its previous value in one or more paths through the always construct
Warning (10240): Verilog HDL Always Construct warning at processor.v(97): inferring latch(es) for variable "ReadAddressRF2", which holds its previous value in one or more paths through the always construct
Warning (10240): Verilog HDL Always Construct warning at processor.v(97): inferring latch(es) for variable "writeEnableRegAddress", which holds its previous value in one or more paths through the always construct
Warning (10240): Verilog HDL Always Construct warning at processor.v(97): inferring latch(es) for variable "controlMux", which holds its previous value in one or more paths through the always construct
Warning (10240): Verilog HDL Always Construct warning at processor.v(97): inferring latch(es) for variable "W", which holds its previous value in one or more paths through the always construct
Warning (10240): Verilog HDL Always Construct warning at processor.v(97): inferring latch(es) for variable "writeEnableRegDout", which holds its previous value in one or more paths through the always construct
Warning (10240): Verilog HDL Always Construct warning at processor.v(97): inferring latch(es) for variable "writeEnableRegALU", which holds its previous value in one or more paths through the always construct
Warning (10240): Verilog HDL Always Construct warning at processor.v(97): inferring latch(es) for variable "controlAlu", which holds its previous value in one or more paths through the always construct
Info (10041): Inferred latch for "controlAlu[0]" at processor.v(97)
Info (10041): Inferred latch for "controlAlu[1]" at processor.v(97)
Info (10041): Inferred latch for "writeEnableRegALU" at processor.v(97)
Info (10041): Inferred latch for "writeEnableRegDout" at processor.v(97)
Info (10041): Inferred latch for "W" at processor.v(97)
Info (10041): Inferred latch for "controlMux[0]" at processor.v(97)
Info (10041): Inferred latch for "controlMux[1]" at processor.v(97)
Info (10041): Inferred latch for "writeEnableRegAddress" at processor.v(97)
Info (10041): Inferred latch for "ReadAddressRF2[0]" at processor.v(97)
Info (10041): Inferred latch for "ReadAddressRF2[1]" at processor.v(97)
Info (10041): Inferred latch for "ReadAddressRF2[2]" at processor.v(97)
Info (10041): Inferred latch for "ReadAddressRF1[0]" at processor.v(97)
Info (10041): Inferred latch for "ReadAddressRF1[1]" at processor.v(97)
Info (10041): Inferred latch for "ReadAddressRF1[2]" at processor.v(97)
Info (10041): Inferred latch for "incr_pc" at processor.v(97)
Info (10041): Inferred latch for "writeEnableRegisterFile" at processor.v(97)
Info (10041): Inferred latch for "writeEnableRegInstruction" at processor.v(97)
Info (12128): Elaborating entity "registerFile" for hierarchy "registerFile:rf"
Info (12128): Elaborating entity "decoder" for hierarchy "registerFile:rf|decoder:dec1"
Warning (10230): Verilog HDL assignment warning at processor.v(361): truncated value with size 32 to match size of target (8)
Info (12128): Elaborating entity "PC_reg7" for hierarchy "registerFile:rf|PC_reg7:PC"
Info (12128): Elaborating entity "register16bits" for hierarchy "registerFile:rf|register16bits:register1"
Info (12128): Elaborating entity "mux4_1_16bits" for hierarchy "mux4_1_16bits:mux1"
Info (12128): Elaborating entity "alu" for hierarchy "alu:alu1"
Info (12128): Elaborating entity "register16bits_i" for hierarchy "register16bits_i:RegAddress"
Warning (13012): Latch W$latch has unsafe behavior
    Warning (13013): Ports D and ENA on the latch are fed by the same signal Step.11
Warning (13012): Latch controlMux[1] has unsafe behavior
    Warning (13013): Ports D and ENA on the latch are fed by the same signal Step.10
Warning (13012): Latch ReadAddressRF1[1] has unsafe behavior
    Warning (13013): Ports D and ENA on the latch are fed by the same signal Step.01
Warning (13012): Latch ReadAddressRF1[0] has unsafe behavior
    Warning (13013): Ports D and ENA on the latch are fed by the same signal Step.01
Warning (13012): Latch ReadAddressRF1[2] has unsafe behavior
    Warning (13013): Ports D and ENA on the latch are fed by the same signal Step.01
Warning (13012): Latch controlMux[0] has unsafe behavior
    Warning (13013): Ports D and ENA on the latch are fed by the same signal Step.10
Warning (13012): Latch ReadAddressRF2[1] has unsafe behavior
    Warning (13013): Ports D and ENA on the latch are fed by the same signal register16bits:RegInstruction|Q[13]
Warning (13012): Latch ReadAddressRF2[0] has unsafe behavior
    Warning (13013): Ports D and ENA on the latch are fed by the same signal register16bits:RegInstruction|Q[13]
Warning (13012): Latch ReadAddressRF2[2] has unsafe behavior
    Warning (13013): Ports D and ENA on the latch are fed by the same signal register16bits:RegInstruction|Q[13]
Warning (13012): Latch writeEnableRegDout has unsafe behavior
    Warning (13013): Ports D and ENA on the latch are fed by the same signal Step.10
Warning (13012): Latch writeEnableRegAddress has unsafe behavior
    Warning (13013): Ports D and ENA on the latch are fed by the same signal Step.01
Warning (13012): Latch writeEnableRegisterFile has unsafe behavior
    Warning (13013): Ports D and ENA on the latch are fed by the same signal Step.10
Warning (13012): Latch incr_pc has unsafe behavior
    Warning (13013): Ports D and ENA on the latch are fed by the same signal Step.01
Info (17049): 2 registers lost all their fanouts during netlist optimizations.
Info (16010): Generating hard_block partition "hard_block:auto_generated_inst"
    Info (16011): Adding 0 node(s), including 0 DDIO, 0 PLL, 0 transceiver and 0 LCELL
Info (21057): Implemented 556 device resources after synthesis - the final resource count might be different
    Info (21058): Implemented 18 input pins
    Info (21059): Implemented 33 output pins
    Info (21061): Implemented 505 logic cells
Info: Quartus II 64-Bit Analysis & Synthesis was successful. 0 errors, 42 warnings
    Info: Peak virtual memory: 4619 megabytes
    Info: Processing ended: Mon Apr 22 17:07:56 2019
    Info: Elapsed time: 00:00:04
    Info: Total CPU time (on all processors): 00:00:02


